// Jest Snapshot v1, https://goo.gl/fbAQLP

exports[`Modal component matches snapshot 1`] = `
<DocumentFragment>
  <div
    class="modalBackdrop"
  >
    <div
      class="modalContainer"
    >
      <h3
        class="modalTitle"
      >
        Park bench
      </h3>
      <img
        alt="current category"
        src="1.jpg"
      />
      <p>
        I know exactly what he's talking about. I sprout mung beans on a damp paper towel in my desk drawer. Very nutritious, but they smell like death.
      </p>
      <button
        type="button"
      >
        Close this modal
      </button>
    </div>
  </div>
</DocumentFragment>
`;
